19:17:08 **** Incremental Build of configuration Debug for project ANALOG_CLOCK ****
make -j16 all 
arm-none-eabi-gcc "../Core/Src/main.c" -mcpu=cortex-m3 -std=gnu11 -g3 -DDEBUG -DUSE_HAL_DRIVER -DSTM32F103x6 -c -I../Core/Inc -I../Drivers/STM32F1xx_HAL_Driver/Inc -I../Drivers/STM32F1xx_HAL_Driver/Inc/Legacy -I../Drivers/CMSIS/Device/ST/STM32F1xx/Include -I../Drivers/CMSIS/Include -O0 -ffunction-sections -fdata-sections -Wall -fstack-usage -MMD -MP -MF"Core/Src/main.d" -MT"Core/Src/main.o" --specs=nano.specs -mfloat-abi=soft -mthumb -o "Core/Src/main.o"
arm-none-eabi-gcc -o "ANALOG_CLOCK.elf" @"objects.list"   -mcpu=cortex-m3 -T"D:\STM32\LAB1\ANALOG_CLOCK\STM32F103C6UX_FLASH.ld" --specs=nosys.specs -Wl,-Map="ANALOG_CLOCK.map" -Wl,--gc-sections -static --specs=nano.specs -mfloat-abi=soft -mthumb -Wl,--start-group -lc -lm -Wl,--end-group
Finished building target: ANALOG_CLOCK.elf
 
arm-none-eabi-size   ANALOG_CLOCK.elf 
arm-none-eabi-objdump -h -S  ANALOG_CLOCK.elf  > "ANALOG_CLOCK.list"
   text	   data	    bss	    dec	    hex	filename
   4992	     20	   1572	   6584	   19b8	ANALOG_CLOCK.elf
arm-none-eabi-objcopy  -O ihex  ANALOG_CLOCK.elf  "ANALOG_CLOCK.hex"
arm-none-eabi-objcopy  -O binary  ANALOG_CLOCK.elf  "ANALOG_CLOCK.bin"
Finished building: default.size.stdout
 
Finished building: ANALOG_CLOCK.hex
Finished building: ANALOG_CLOCK.list
Finished building: ANALOG_CLOCK.bin
 
 
 

19:17:09 Build Finished. 0 errors, 0 warnings. (took 1s.9ms)

