18:02:18 **** Incremental Build of configuration Debug for project TRAFFIC_LIGHTS ****
make -j16 all 
arm-none-eabi-gcc "../Core/Src/main.c" -mcpu=cortex-m3 -std=gnu11 -g3 -DDEBUG -DUSE_HAL_DRIVER -DSTM32F103x6 -c -I../Core/Inc -I../Drivers/STM32F1xx_HAL_Driver/Inc -I../Drivers/STM32F1xx_HAL_Driver/Inc/Legacy -I../Drivers/CMSIS/Device/ST/STM32F1xx/Include -I../Drivers/CMSIS/Include -O0 -ffunction-sections -fdata-sections -Wall -fstack-usage -MMD -MP -MF"Core/Src/main.d" -MT"Core/Src/main.o" --specs=nano.specs -mfloat-abi=soft -mthumb -o "Core/Src/main.o"
arm-none-eabi-gcc -o "TRAFFIC_LIGHTS.elf" @"objects.list"   -mcpu=cortex-m3 -T"D:\STM32\LAB1\TRAFFIC_LIGHTS\STM32F103C6UX_FLASH.ld" --specs=nosys.specs -Wl,-Map="TRAFFIC_LIGHTS.map" -Wl,--gc-sections -static --specs=nano.specs -mfloat-abi=soft -mthumb -Wl,--start-group -lc -lm -Wl,--end-group
Finished building target: TRAFFIC_LIGHTS.elf
 
arm-none-eabi-size   TRAFFIC_LIGHTS.elf 
arm-none-eabi-objdump -h -S  TRAFFIC_LIGHTS.elf  > "TRAFFIC_LIGHTS.list"
   text	   data	    bss	    dec	    hex	filename
   5104	     20	   1572	   6696	   1a28	TRAFFIC_LIGHTS.elf
arm-none-eabi-objcopy  -O ihex  TRAFFIC_LIGHTS.elf  "TRAFFIC_LIGHTS.hex"
arm-none-eabi-objcopy  -O binary  TRAFFIC_LIGHTS.elf  "TRAFFIC_LIGHTS.bin"
Finished building: default.size.stdout
 
Finished building: TRAFFIC_LIGHTS.hex
Finished building: TRAFFIC_LIGHTS.list
Finished building: TRAFFIC_LIGHTS.bin
 
 
 

18:02:19 Build Finished. 0 errors, 0 warnings. (took 1s.2ms)

